// Jest Snapshot v1, https://goo.gl/fbAQLP

exports[`it retrieves the user data and returns it 1`] = `
Object {
  "id": "test",
  "karma": 1234,
}
`;
